COMMENT         "// Comprehensive test file for 100% scanner coverage"    1:1    [0-52]
COMMENT         "// Single-line comments"    3:1    [54-77]
COMMENT         "// Another comment with special chars: !@#$%^&*()"    4:1    [78-127]
COMMENT         "// Comments at end of lines"    6:1    [129-156]
IDENTIFIER      "value"                 7:1    [157-162]
:=              ":="                    7:7    [163-165]
LITERAL_INT     "42"                    7:10   [166-168]
COMMENT         "// End of line comment"    7:14   [170-192]
IDENTIFIER      "another"               8:1    [193-200]
:=              ":="                    8:9    [201-203]
LITERAL_INT     "0xFF"                  8:12   [204-208]
COMMENT         "// Hex with comment"    8:18   [210-229]
EOF             ""                      9:1    [230-230]
