COMMENT         "// Identifiers"        1:1    [0-14]
IDENTIFIER      "simple_identifier"     2:1    [15-32]
:=              ":="                    2:19   [33-35]
IDENTIFIER      "value"                 2:22   [36-41]
IDENTIFIER      "underscore_id"         3:1    [42-55]
:=              ":="                    3:15   [56-58]
IDENTIFIER      "_private"              3:18   [59-67]
IDENTIFIER      "mixed_case"            4:1    [68-78]
:=              ":="                    4:12   [79-81]
IDENTIFIER      "CamelCase"             4:15   [82-91]
IDENTIFIER      "with_numbers"          5:1    [92-104]
:=              ":="                    5:14   [105-107]
IDENTIFIER      "var123"                5:17   [108-114]
IDENTIFIER      "all_underscore"        6:1    [115-129]
:=              ":="                    6:16   [130-132]
IDENTIFIER      "___"                   6:19   [133-136]
EOF             ""                      7:1    [137-137]
