package         "package"               1:1       1:8    [0-7]
IDENTIFIER      "main"                  1:9       1:13   [8-12]
import          "import"                3:1       3:7    [14-20]
LITERAL_STRING  ""std""                 3:8       3:13   [21-26]
func            "func"                  5:1       5:5    [28-32]
IDENTIFIER      "vertex"                5:6       5:12   [33-39]
(               "("                     5:12      5:13   [39-40]
)               ")"                     5:13      5:14   [40-41]
IDENTIFIER      "vec4"                  5:15      5:19   [42-46]
{               "{"                     5:20      5:21   [47-48]
var             "var"                   6:5       6:8    [53-56]
IDENTIFIER      "x"                     6:9       6:10   [57-58]
IDENTIFIER      "int32"                 6:11      6:16   [59-64]
=               "="                     6:17      6:18   [65-66]
LITERAL_INT     "42"                    6:19      6:21   [67-69]
const           "const"                 7:5       7:10   [74-79]
IDENTIFIER      "PI"                    7:11      7:13   [80-82]
IDENTIFIER      "float32"               7:14      7:21   [83-90]
=               "="                     7:22      7:23   [91-92]
LITERAL_FLOAT   "3.14159"               7:24      7:31   [93-100]
type            "type"                  8:5       8:9    [105-109]
IDENTIFIER      "MyStruct"              8:10      8:18   [110-118]
struct          "struct"                8:19      8:25   [119-125]
{               "{"                     8:26      8:27   [126-127]
IDENTIFIER      "field1"                9:9       9:15   [136-142]
IDENTIFIER      "int32"                 9:16      9:21   [143-148]
IDENTIFIER      "field2"               10:9      10:15   [157-163]
IDENTIFIER      "float32"              10:16     10:23   [164-171]
}               "}"                    11:5      11:6    [176-177]
if              "if"                   13:5      13:7    [187-189]
IDENTIFIER      "x"                    13:8      13:9    [190-191]
>               ">"                    13:10     13:11   [192-193]
LITERAL_INT     "0"                    13:12     13:13   [194-195]
{               "{"                    13:14     13:15   [196-197]
for             "for"                  14:9      14:12   [206-209]
IDENTIFIER      "i"                    14:13     14:14   [210-211]
:=              ":="                   14:15     14:17   [212-214]
LITERAL_INT     "0"                    14:18     14:19   [215-216]
;               ";"                    14:19     14:20   [216-217]
IDENTIFIER      "i"                    14:21     14:22   [218-219]
<               "<"                    14:23     14:24   [220-221]
LITERAL_INT     "10"                   14:25     14:27   [222-224]
;               ";"                    14:27     14:28   [224-225]
IDENTIFIER      "i"                    14:29     14:30   [226-227]
++              "++"                   14:30     14:32   [227-229]
{               "{"                    14:33     14:34   [230-231]
IDENTIFIER      "switch"               15:13     15:19   [244-250]
IDENTIFIER      "x"                    15:20     15:21   [251-252]
{               "{"                    15:22     15:23   [253-254]
IDENTIFIER      "case"                 16:13     16:17   [267-271]
LITERAL_INT     "1"                    16:18     16:19   [272-273]
:               ":"                    16:19     16:20   [273-274]
return          "return"               17:17     17:23   [291-297]
IDENTIFIER      "vec4"                 17:24     17:28   [298-302]
(               "("                    17:28     17:29   [302-303]
LITERAL_FLOAT   "1.0"                  17:29     17:32   [303-306]
,               ","                    17:32     17:33   [306-307]
LITERAL_FLOAT   "0.0"                  17:34     17:37   [308-311]
,               ","                    17:37     17:38   [311-312]
LITERAL_FLOAT   "0.0"                  17:39     17:42   [313-316]
,               ","                    17:42     17:43   [316-317]
LITERAL_FLOAT   "1.0"                  17:44     17:47   [318-321]
)               ")"                    17:47     17:48   [321-322]
IDENTIFIER      "default"              18:13     18:20   [335-342]
:               ":"                    18:20     18:21   [342-343]
break           "break"                19:17     19:22   [360-365]
}               "}"                    20:13     20:14   [378-379]
}               "}"                    21:9      21:10   [388-389]
}               "}"                    22:5      22:6    [394-395]
else            "else"                 22:7      22:11   [396-400]
{               "{"                    22:12     22:13   [401-402]
}               "}"                    23:5      23:6    [407-408]
return          "return"               25:5      25:11   [414-420]
IDENTIFIER      "vec4"                 25:12     25:16   [421-425]
(               "("                    25:16     25:17   [425-426]
LITERAL_FLOAT   "0.0"                  25:17     25:20   [426-429]
)               ")"                    25:20     25:21   [429-430]
}               "}"                    26:1      26:2    [431-432]
EOF             ""                     27:1      27:1    [433-433]
