COMMENT         "// Assignment operators"    1:1       1:24   [0-23]
IDENTIFIER      "a"                     2:1       2:2    [24-25]
=               "="                     2:3       2:4    [26-27]
IDENTIFIER      "b"                     2:5       2:6    [28-29]
IDENTIFIER      "c"                     3:1       3:2    [30-31]
+=              "+="                    3:3       3:5    [32-34]
IDENTIFIER      "d"                     3:6       3:7    [35-36]
IDENTIFIER      "e"                     4:1       4:2    [37-38]
-=              "-="                    4:3       4:5    [39-41]
IDENTIFIER      "f"                     4:6       4:7    [42-43]
IDENTIFIER      "g"                     5:1       5:2    [44-45]
*=              "*="                    5:3       5:5    [46-48]
IDENTIFIER      "h"                     5:6       5:7    [49-50]
IDENTIFIER      "i"                     6:1       6:2    [51-52]
/=              "/="                    6:3       6:5    [53-55]
IDENTIFIER      "j"                     6:6       6:7    [56-57]
IDENTIFIER      "k"                     7:1       7:2    [58-59]
%=              "%="                    7:3       7:5    [60-62]
IDENTIFIER      "l"                     7:6       7:7    [63-64]
IDENTIFIER      "m"                     8:1       8:2    [65-66]
&=              "&="                    8:3       8:5    [67-69]
IDENTIFIER      "n"                     8:6       8:7    [70-71]
IDENTIFIER      "o"                     9:1       9:2    [72-73]
|=              "|="                    9:3       9:5    [74-76]
IDENTIFIER      "p"                     9:6       9:7    [77-78]
IDENTIFIER      "q"                    10:1      10:2    [79-80]
^=              "^="                   10:3      10:5    [81-83]
IDENTIFIER      "r"                    10:6      10:7    [84-85]
IDENTIFIER      "s"                    11:1      11:2    [86-87]
<<=             "<<="                  11:3      11:6    [88-91]
IDENTIFIER      "t"                    11:7      11:8    [92-93]
IDENTIFIER      "u"                    12:1      12:2    [94-95]
>>=             ">>="                  12:3      12:6    [96-99]
IDENTIFIER      "v"                    12:7      12:8    [100-101]
IDENTIFIER      "w"                    13:1      13:2    [102-103]
:=              ":="                   13:3      13:5    [104-106]
IDENTIFIER      "x"                    13:6      13:7    [107-108]
COMMENT         "// Short declaration"   13:9      13:29   [110-130]
COMMENT         "// Comparison operators"   15:1      15:24   [132-155]
IDENTIFIER      "eq"                   16:1      16:3    [156-158]
:=              ":="                   16:4      16:6    [159-161]
IDENTIFIER      "a"                    16:7      16:8    [162-163]
==              "=="                   16:9      16:11   [164-166]
IDENTIFIER      "b"                    16:12     16:13   [167-168]
IDENTIFIER      "ne"                   17:1      17:3    [169-171]
:=              ":="                   17:4      17:6    [172-174]
IDENTIFIER      "c"                    17:7      17:8    [175-176]
!=              "!="                   17:9      17:11   [177-179]
IDENTIFIER      "d"                    17:12     17:13   [180-181]
IDENTIFIER      "lt"                   18:1      18:3    [182-184]
:=              ":="                   18:4      18:6    [185-187]
IDENTIFIER      "e"                    18:7      18:8    [188-189]
<               "<"                    18:9      18:10   [190-191]
IDENTIFIER      "f"                    18:11     18:12   [192-193]
IDENTIFIER      "le"                   19:1      19:3    [194-196]
:=              ":="                   19:4      19:6    [197-199]
IDENTIFIER      "g"                    19:7      19:8    [200-201]
<=              "<="                   19:9      19:11   [202-204]
IDENTIFIER      "h"                    19:12     19:13   [205-206]
IDENTIFIER      "gt"                   20:1      20:3    [207-209]
:=              ":="                   20:4      20:6    [210-212]
IDENTIFIER      "i"                    20:7      20:8    [213-214]
>               ">"                    20:9      20:10   [215-216]
IDENTIFIER      "j"                    20:11     20:12   [217-218]
IDENTIFIER      "ge"                   21:1      21:3    [219-221]
:=              ":="                   21:4      21:6    [222-224]
IDENTIFIER      "k"                    21:7      21:8    [225-226]
>=              ">="                   21:9      21:11   [227-229]
IDENTIFIER      "l"                    21:12     21:13   [230-231]
COMMENT         "// Arithmetic operators"   23:1      23:24   [233-256]
IDENTIFIER      "add"                  24:1      24:4    [257-260]
:=              ":="                   24:5      24:7    [261-263]
IDENTIFIER      "a"                    24:8      24:9    [264-265]
+               "+"                    24:10     24:11   [266-267]
IDENTIFIER      "b"                    24:12     24:13   [268-269]
IDENTIFIER      "sub"                  25:1      25:4    [270-273]
:=              ":="                   25:5      25:7    [274-276]
IDENTIFIER      "c"                    25:8      25:9    [277-278]
-               "-"                    25:10     25:11   [279-280]
IDENTIFIER      "d"                    25:12     25:13   [281-282]
IDENTIFIER      "mul"                  26:1      26:4    [283-286]
:=              ":="                   26:5      26:7    [287-289]
IDENTIFIER      "e"                    26:8      26:9    [290-291]
*               "*"                    26:10     26:11   [292-293]
IDENTIFIER      "f"                    26:12     26:13   [294-295]
IDENTIFIER      "div"                  27:1      27:4    [296-299]
:=              ":="                   27:5      27:7    [300-302]
IDENTIFIER      "g"                    27:8      27:9    [303-304]
/               "/"                    27:10     27:11   [305-306]
IDENTIFIER      "h"                    27:12     27:13   [307-308]
IDENTIFIER      "mod"                  28:1      28:4    [309-312]
:=              ":="                   28:5      28:7    [313-315]
IDENTIFIER      "i"                    28:8      28:9    [316-317]
%               "%"                    28:10     28:11   [318-319]
IDENTIFIER      "j"                    28:12     28:13   [320-321]
COMMENT         "// Increment/decrement"   30:1      30:23   [323-345]
IDENTIFIER      "counter"              31:1      31:8    [346-353]
++              "++"                   31:8      31:10   [353-355]
IDENTIFIER      "index"                32:1      32:6    [356-361]
--              "--"                   32:6      32:8    [361-363]
COMMENT         "// Bitwise operators"   34:1      34:21   [365-385]
IDENTIFIER      "bit_and"              35:1      35:8    [386-393]
:=              ":="                   35:9      35:11   [394-396]
IDENTIFIER      "a"                    35:12     35:13   [397-398]
&               "&"                    35:14     35:15   [399-400]
IDENTIFIER      "b"                    35:16     35:17   [401-402]
IDENTIFIER      "bit_or"               36:1      36:7    [403-409]
:=              ":="                   36:8      36:10   [410-412]
IDENTIFIER      "c"                    36:11     36:12   [413-414]
|               "|"                    36:13     36:14   [415-416]
IDENTIFIER      "d"                    36:15     36:16   [417-418]
IDENTIFIER      "bit_xor"              37:1      37:8    [419-426]
:=              ":="                   37:9      37:11   [427-429]
IDENTIFIER      "e"                    37:12     37:13   [430-431]
^               "^"                    37:14     37:15   [432-433]
IDENTIFIER      "f"                    37:16     37:17   [434-435]
IDENTIFIER      "left_shift"           38:1      38:11   [436-446]
:=              ":="                   38:12     38:14   [447-449]
IDENTIFIER      "g"                    38:15     38:16   [450-451]
<<              "<<"                   38:17     38:19   [452-454]
IDENTIFIER      "h"                    38:20     38:21   [455-456]
IDENTIFIER      "right_shift"          39:1      39:12   [457-468]
:=              ":="                   39:13     39:15   [469-471]
IDENTIFIER      "i"                    39:16     39:17   [472-473]
>>              ">>"                   39:18     39:20   [474-476]
IDENTIFIER      "j"                    39:21     39:22   [477-478]
COMMENT         "// Logical operators"   41:1      41:21   [480-500]
IDENTIFIER      "logical_and"          42:1      42:12   [501-512]
:=              ":="                   42:13     42:15   [513-515]
IDENTIFIER      "a"                    42:16     42:17   [516-517]
&&              "&&"                   42:18     42:20   [518-520]
IDENTIFIER      "b"                    42:21     42:22   [521-522]
IDENTIFIER      "logical_or"           43:1      43:11   [523-533]
:=              ":="                   43:12     43:14   [534-536]
IDENTIFIER      "c"                    43:15     43:16   [537-538]
||              "||"                   43:17     43:19   [539-541]
IDENTIFIER      "d"                    43:20     43:21   [542-543]
IDENTIFIER      "logical_not"          44:1      44:12   [544-555]
:=              ":="                   44:13     44:15   [556-558]
!               "!"                    44:16     44:17   [559-560]
IDENTIFIER      "flag"                 44:17     44:21   [560-564]
COMMENT         "// Edge cases for numbers starting with 0"   46:1      46:42   [566-607]
IDENTIFIER      "just_zero"            47:1      47:10   [608-617]
:=              ":="                   47:11     47:13   [618-620]
LITERAL_INT     "0"                    47:14     47:15   [621-622]
IDENTIFIER      "zero_dot"             48:1      48:9    [623-631]
:=              ":="                   48:10     48:12   [632-634]
LITERAL_FLOAT   "0.0"                  48:13     48:16   [635-638]
IDENTIFIER      "zero_scientific"      49:1      49:16   [639-654]
:=              ":="                   49:17     49:19   [655-657]
LITERAL_FLOAT   "0e5"                  49:20     49:23   [658-661]
COMMENT         "// Multiple operators together"   51:1      51:31   [663-693]
IDENTIFIER      "complex_expr"         52:1      52:13   [694-706]
:=              ":="                   52:14     52:16   [707-709]
IDENTIFIER      "a"                    52:17     52:18   [710-711]
++              "++"                   52:18     52:20   [711-713]
+               "+"                    52:21     52:22   [714-715]
--              "--"                   52:23     52:25   [716-718]
IDENTIFIER      "b"                    52:25     52:26   [718-719]
*               "*"                    52:27     52:28   [720-721]
IDENTIFIER      "c"                    52:29     52:30   [722-723]
/               "/"                    52:31     52:32   [724-725]
IDENTIFIER      "d"                    52:33     52:34   [726-727]
%               "%"                    52:35     52:36   [728-729]
IDENTIFIER      "e"                    52:37     52:38   [730-731]
&               "&"                    52:39     52:40   [732-733]
IDENTIFIER      "f"                    52:41     52:42   [734-735]
|               "|"                    52:43     52:44   [736-737]
IDENTIFIER      "g"                    52:45     52:46   [738-739]
^               "^"                    52:47     52:48   [740-741]
IDENTIFIER      "h"                    52:49     52:50   [742-743]
<<              "<<"                   52:51     52:53   [744-746]
IDENTIFIER      "i"                    52:54     52:55   [747-748]
>>              ">>"                   52:56     52:58   [749-751]
IDENTIFIER      "j"                    52:59     52:60   [752-753]
EOF             ""                     53:1      53:1    [754-754]
