>> 	const Pi float64 =
>> 	                  ^
Error[internal/compiler/testdata/Parse/decl/constDecl8.sabre:1:19]: expected an expression but found 'INVALID'
>> 	const Pi float64 =
>> 	                  ^
Error[internal/compiler/testdata/Parse/decl/constDecl8.sabre:1:19]: expected ';' but found 'INVALID'
