(GenericDecl const
  (ValueSpec
    (IdentifierExpr IDENTIFIER(Sunday))
    =
    (IdentifierExpr IDENTIFIER(iota))
  )
  (ValueSpec
    (IdentifierExpr IDENTIFIER(Monday))
  )
  (ValueSpec
    (IdentifierExpr IDENTIFIER(Tuesday))
  )
  (ValueSpec
    (IdentifierExpr IDENTIFIER(Wednesday))
  )
  (ValueSpec
    (IdentifierExpr IDENTIFIER(Thursday))
  )
  (ValueSpec
    (IdentifierExpr IDENTIFIER(Friday))
  )
  (ValueSpec
    (IdentifierExpr IDENTIFIER(Partyday))
  )
)