>> 	func f
>> 	      ^
Error[internal/compiler/testdata/Parse/decl/funcDecl4.sabre:1:7]: expected '(' but found ';'
>> 	func f
>> 	      ^
Error[internal/compiler/testdata/Parse/decl/funcDecl4.sabre:1:7]: expected an identifier but found 'INVALID'
>> 	func f
>> 	      ^
Error[internal/compiler/testdata/Parse/decl/funcDecl4.sabre:1:7]: expected ')' but found 'INVALID'
