(SwitchStmt
  (IdentifierExpr IDENTIFIER(x))
  (Block 2
    (SwitchCaseStmt
      (LiteralExpr LITERAL_INT(1))
      (LiteralExpr LITERAL_INT(2))
      :
      (ExprStmt
        (CallExpr
          (IdentifierExpr IDENTIFIER(f12))
        )
      )
    )
    (SwitchCaseStmt
      (LiteralExpr LITERAL_INT(3))
      :
      (ExprStmt
        (CallExpr
          (IdentifierExpr IDENTIFIER(f3))
        )
      )
    )
  )
)