>> 		1 | 2.5
>> 		^^^^^^^ 
Error[internal/compiler/testdata/Check/BinarOp.sabre:9:2]: type mismatch in binary expression, lhs is 'int' and rhs is 'float32'
>> 		1 & 2.5
>> 		^^^^^^^ 
Error[internal/compiler/testdata/Check/BinarOp.sabre:10:2]: type mismatch in binary expression, lhs is 'int' and rhs is 'float32'
>> 		1 ^ 2.5
>> 		^^^^^^^ 
Error[internal/compiler/testdata/Check/BinarOp.sabre:11:2]: type mismatch in binary expression, lhs is 'int' and rhs is 'float32'
>> 		1 &^ 2.5
>> 		^^^^^^^^ 
Error[internal/compiler/testdata/Check/BinarOp.sabre:12:2]: type mismatch in binary expression, lhs is 'int' and rhs is 'float32'
>> 		1 | true
>> 		^^^^^^^^ 
Error[internal/compiler/testdata/Check/BinarOp.sabre:14:2]: type mismatch in binary expression, lhs is 'int' and rhs is 'bool'
>> 		1 & true
>> 		^^^^^^^^ 
Error[internal/compiler/testdata/Check/BinarOp.sabre:15:2]: type mismatch in binary expression, lhs is 'int' and rhs is 'bool'
>> 		1 ^ true
>> 		^^^^^^^^ 
Error[internal/compiler/testdata/Check/BinarOp.sabre:16:2]: type mismatch in binary expression, lhs is 'int' and rhs is 'bool'
>> 		1 &^ true
>> 		^^^^^^^^^ 
Error[internal/compiler/testdata/Check/BinarOp.sabre:17:2]: type mismatch in binary expression, lhs is 'int' and rhs is 'bool'
>> 		1 + 2.5
>> 		^^^^^^^ 
Error[internal/compiler/testdata/Check/BinarOp.sabre:27:2]: type mismatch in binary expression, lhs is 'int' and rhs is 'float32'
>> 		1 - 2.5
>> 		^^^^^^^ 
Error[internal/compiler/testdata/Check/BinarOp.sabre:28:2]: type mismatch in binary expression, lhs is 'int' and rhs is 'float32'
>> 		1 * 2.5
>> 		^^^^^^^ 
Error[internal/compiler/testdata/Check/BinarOp.sabre:29:2]: type mismatch in binary expression, lhs is 'int' and rhs is 'float32'
>> 		1 / 2.5
>> 		^^^^^^^ 
Error[internal/compiler/testdata/Check/BinarOp.sabre:30:2]: type mismatch in binary expression, lhs is 'int' and rhs is 'float32'
>> 		1 % 2.5
>> 		^^^^^^^ 
Error[internal/compiler/testdata/Check/BinarOp.sabre:31:2]: type mismatch in binary expression, lhs is 'int' and rhs is 'float32'
>> 		1 + true
>> 		^^^^^^^^ 
Error[internal/compiler/testdata/Check/BinarOp.sabre:33:2]: type mismatch in binary expression, lhs is 'int' and rhs is 'bool'
>> 		1 - true
>> 		^^^^^^^^ 
Error[internal/compiler/testdata/Check/BinarOp.sabre:34:2]: type mismatch in binary expression, lhs is 'int' and rhs is 'bool'
>> 		1 * true
>> 		^^^^^^^^ 
Error[internal/compiler/testdata/Check/BinarOp.sabre:35:2]: type mismatch in binary expression, lhs is 'int' and rhs is 'bool'
>> 		1 / true
>> 		^^^^^^^^ 
Error[internal/compiler/testdata/Check/BinarOp.sabre:36:2]: type mismatch in binary expression, lhs is 'int' and rhs is 'bool'
>> 		1 % true
>> 		^^^^^^^^ 
Error[internal/compiler/testdata/Check/BinarOp.sabre:37:2]: type mismatch in binary expression, lhs is 'int' and rhs is 'bool'
>> 		1 && 1
>> 		^      
Error[internal/compiler/testdata/Check/BinarOp.sabre:44:2]: type 'int' doesn't support logic operations
>> 		true && 1.5
>> 		^^^^^^^^^^^ 
Error[internal/compiler/testdata/Check/BinarOp.sabre:45:2]: type mismatch in binary expression, lhs is 'bool' and rhs is 'float32'
>> 		2 || 2
>> 		^      
Error[internal/compiler/testdata/Check/BinarOp.sabre:47:2]: type 'int' doesn't support logic operations
>> 		false && 1.5
>> 		^^^^^^^^^^^^ 
Error[internal/compiler/testdata/Check/BinarOp.sabre:48:2]: type mismatch in binary expression, lhs is 'bool' and rhs is 'float32'
>> 		1 >> 2.5
>> 		     ^^^ 
Error[internal/compiler/testdata/Check/BinarOp.sabre:55:7]: shift operator should be integral type instead of 'float32'
>> 		2.5 << 1
>> 		^^^      
Error[internal/compiler/testdata/Check/BinarOp.sabre:56:2]: type 'float32' doesn't support bitwise operations
>> 		true >> 1
>> 		^^^^      
Error[internal/compiler/testdata/Check/BinarOp.sabre:58:2]: type 'bool' doesn't support bitwise operations
>> 		1 << true
>> 		     ^^^^ 
Error[internal/compiler/testdata/Check/BinarOp.sabre:59:7]: shift operator should be integral type instead of 'bool'
>> 		2.5 >> true
>> 		       ^^^^ 
Error[internal/compiler/testdata/Check/BinarOp.sabre:61:9]: shift operator should be integral type instead of 'bool'
>> 		true << 2.5
>> 		        ^^^ 
Error[internal/compiler/testdata/Check/BinarOp.sabre:62:10]: shift operator should be integral type instead of 'float32'
