>> 	    return foo(), 1
>> 	    ^^^^^^^^^^^^^^^ 
Error[internal/compiler/testdata/Check/CallExprMultipleReturnValues3.sabre:8:5]: expected 3 return values, but found 2
>> 	    return foo(), 1
>> 	    ^^^^^^^^^^^^^^^ 
Note[internal/compiler/testdata/Check/CallExprMultipleReturnValues3.sabre:8:5]: have ((int,float32),int), want (int,float32,int)
