>> 	    return foo(1, 2, 3)
>> 	           ^^^^^^^^^^^^ 
Error[internal/compiler/testdata/Check/CallExprWithArguments4.sabre:8:12]: expected 2 arguments, but found 3
>> 	    return foo(1, 2, 3)
>> 	           ^^^^^^^^^^^^ 
Error[internal/compiler/testdata/Check/CallExprWithArguments4.sabre:8:12]: incorrect return type 'void', expected 'int'
