>> 	}
>> 	^ 
Error[internal/compiler/testdata/Check/LiteralExprBoolTrue.sabre:5:1]: expected ';' but found '}'
>> 	}
>> 	 ^
>> 	
>> 	 
Error[internal/compiler/testdata/Check/LiteralExprBoolTrue.sabre:5:2]: expected an expression but found ';(\n)'
>> 	
>> 	^
Error[internal/compiler/testdata/Check/LiteralExprBoolTrue.sabre:6:1]: expected '}' but found 'INVALID'
