>> 	    return -false
>> 	            ^^^^^ 
Error[internal/compiler/testdata/Check/UnaryExprSubInvalid.sabre:4:13]: '-' is only allowed for arithmetic types, but expression type is 'bool'
>> 	    return -false
>> 	           ^^^^^^ 
Error[internal/compiler/testdata/Check/UnaryExprSubInvalid.sabre:4:12]: incorrect return type 'bool', expected 'int'
