>> 	    return ^1.5
>> 	            ^^^ 
Error[internal/compiler/testdata/Check/UnaryExprXorInvalid.sabre:4:13]: type 'float32' doesn't support bitwise operations
>> 	    return ^1.5
>> 	           ^^^^ 
Error[internal/compiler/testdata/Check/UnaryExprXorInvalid.sabre:4:12]: incorrect return type 'void', expected 'int'
